// Jest Snapshot v1, https://goo.gl/fbAQLP

exports[`KindErrorData #constructor when not built for production should throw if options are invalid ({
  kindTagName: 'aaaaaaaaaaaaaaaaaaaaaaaaaaaaaaaaa-kind',
  groupByTagName: 'aaaaaaaaaaaaaaaaaaaaaaaaaaaaaaaaa-group-by',
  concatenatedMessageTagName: 'aaaaaaaaaaaaaaaaaaaaaaaaaaaaaaaaa-concatenated-message'
}) 1`] = `"Invalid options"`;

exports[`KindErrorData #constructor when not built for production should throw if options are invalid ({ concatenatedMessageTagName: 'aaaaaaaaaaaaaaaaaaaaaaaaaaaaaaaaa' }) 1`] = `"Invalid options"`;

exports[`KindErrorData #constructor when not built for production should throw if options are invalid ({ groupByTagName: 'aaaaaaaaaaaaaaaaaaaaaaaaaaaaaaaaa' }) 1`] = `"Invalid options"`;

exports[`KindErrorData #constructor when not built for production should throw if options are invalid ({ kindTagName: 'aaaaaaaaaaaaaaaaaaaaaaaaaaaaaaaaa' }) 1`] = `"Invalid options"`;
