// Jest Snapshot v1, https://goo.gl/fbAQLP

exports[`#buildCausedByMessage should default whitespace strings to (empty message) 1`] = `
"(empty message)
	caused by
		(empty message)"
`;

exports[`#buildCausedByMessage should default whitespace strings to (empty message) 2`] = `
"(empty message)
	caused by
		(empty message)"
`;
